../Drivers/STM32F1xx_HAL_Driver/Inc/stm32f1xx_ll_adc.h:1600:26:LL_ADC_DMA_GetRegAddr	24	static
../Drivers/STM32F1xx_HAL_Driver/Inc/stm32f1xx_ll_adc.h:2298:22:LL_ADC_REG_SetDMATransfer	16	static
../Drivers/STM32F1xx_HAL_Driver/Inc/stm32f1xx_ll_adc.h:3244:22:LL_ADC_Enable	16	static
../Drivers/STM32F1xx_HAL_Driver/Inc/stm32f1xx_ll_adc.h:3286:22:LL_ADC_StartCalibration	16	static
../Drivers/STM32F1xx_HAL_Driver/Inc/stm32f1xx_ll_adc.h:3297:26:LL_ADC_IsCalibrationOnGoing	16	static
../Drivers/STM32F1xx_HAL_Driver/Inc/stm32f1xx_ll_adc.h:3326:22:LL_ADC_REG_StartConversionSWStart	16	static
../Drivers/STM32F1xx_HAL_Driver/Inc/stm32f1xx_ll_dma.h:453:22:LL_DMA_EnableChannel	16	static
../Drivers/STM32F1xx_HAL_Driver/Inc/stm32f1xx_ll_dma.h:552:22:LL_DMA_SetDataTransferDirection	24	static
../Drivers/STM32F1xx_HAL_Driver/Inc/stm32f1xx_ll_dma.h:601:22:LL_DMA_SetMode	24	static
../Drivers/STM32F1xx_HAL_Driver/Inc/stm32f1xx_ll_dma.h:646:22:LL_DMA_SetPeriphIncMode	24	static
../Drivers/STM32F1xx_HAL_Driver/Inc/stm32f1xx_ll_dma.h:691:22:LL_DMA_SetMemoryIncMode	24	static
../Drivers/STM32F1xx_HAL_Driver/Inc/stm32f1xx_ll_dma.h:737:22:LL_DMA_SetPeriphSize	24	static
../Drivers/STM32F1xx_HAL_Driver/Inc/stm32f1xx_ll_dma.h:784:22:LL_DMA_SetMemorySize	24	static
../Drivers/STM32F1xx_HAL_Driver/Inc/stm32f1xx_ll_dma.h:832:22:LL_DMA_SetChannelPriorityLevel	24	static
../Drivers/STM32F1xx_HAL_Driver/Inc/stm32f1xx_ll_dma.h:879:22:LL_DMA_SetDataLength	24	static
../Drivers/STM32F1xx_HAL_Driver/Inc/stm32f1xx_ll_dma.h:930:22:LL_DMA_ConfigAddresses	24	static
../Drivers/STM32F1xx_HAL_Driver/Inc/stm32f1xx_ll_tim.h:1054:22:LL_TIM_EnableCounter	16	static
../Drivers/STM32F1xx_HAL_Driver/Inc/stm32f1xx_ll_tim.h:1316:26:LL_TIM_GetCounter	16	static
../Core/Src/signal_analyzer.c:18:6:SignalAnalyzer_Init	16	static
../Core/Src/signal_analyzer.c:58:10:getTimestamp	8	static
../Core/Src/signal_analyzer.c:63:6:sendADCData	56	static
